// Jest Snapshot v1, https://goo.gl/fbAQLP

exports[`AppFactory Should match the snapshot 1`] = `
<DocumentFragment>
  <div>
    <div
      data-testid="value-testid"
    >
       undefined 
      <button
        data-testid="button-testid"
      >
        +
      </button>
    </div>
  </div>
</DocumentFragment>
`;
